{
    "youtubeId": "ymITEeAOtEA",
    "description": "TDD in Pharo",
    "marks": [
        {
            "timestamp": 48.461063,
            "description": "Test case created",
            "tagId": "ide"
        },
        {
            "timestamp": 116.669521,
            "description": "Open debugger",
            "tagId": "ide"
        },
        {
            "timestamp": 100.951042,
            "description": "Test run (error)",
            "tagId": "ide"
        },
        {
            "timestamp": 143.079521,
            "description": "Run test (pass)",
            "tagId": "ide"
        }
    ]
}