[
    {
        "description": "Test case created",
        "locations": {
            "occurrencesByYoutubeId": [
                {
                    "youtubeId": "ymITEeAOtEA",
                    "count": 1
                }
            ],
            "total": 1,
            "marks": [
                {
                    "timestamp": 48.461063,
                    "description": "Test case created",
                    "tagId": "ide",
                    "youtubeId": "ymITEeAOtEA"
                }
            ]
        }
    },
    {
        "description": "Open debugger",
        "locations": {
            "occurrencesByYoutubeId": [
                {
                    "youtubeId": "ymITEeAOtEA",
                    "count": 1
                }
            ],
            "total": 1,
            "marks": [
                {
                    "timestamp": 116.669521,
                    "description": "Open debugger",
                    "tagId": "ide",
                    "youtubeId": "ymITEeAOtEA"
                }
            ]
        }
    },
    {
        "description": "Run test (pass)",
        "locations": {
            "occurrencesByYoutubeId": [
                {
                    "youtubeId": "ymITEeAOtEA",
                    "count": 1
                }
            ],
            "total": 1,
            "marks": [
                {
                    "timestamp": 143.079521,
                    "description": "Run test (pass)",
                    "tagId": "ide",
                    "youtubeId": "ymITEeAOtEA"
                }
            ]
        }
    }
]