[
    {
        "youtubeId": "ymITEeAOtEA",
        "description": "TDD in Pharo"
    },
    {
        "youtubeId": "aO4iYSNJxY4",
        "description": "Simple screencast in Pharo 3"
    }
]